// Vitest Snapshot v1, https://vitest.dev/guide/snapshot.html

exports[`createClientForModel facade parity golden > pins facade output by fixture name 1`] = `
{
  "escalated-execution / codex-subscription connected": {
    "authShape": "proxy-sentinel",
    "baseURL": "http://127.0.0.1:48999",
    "clientKind": "anthropic",
    "codexModePresent": false,
    "defaultHeaders": {
      "anthropic-version": "2023-06-01",
      "authorization": "Bearer codex-access-token",
      "content-type": "application/json",
      "x-codex-turn": "true",
      "x-route-id": "normal-turn:gpt-5.5",
      "x-route-tag": "rt1.fc696bfb6a7d394acf339c10794dd55c4d670c739a75235970580cc47e2631d6",
      "x-route-wire-model": "gpt-5.5",
    },
    "enableContextManagement": true,
    "endpointURL": null,
    "maxRetries": 0,
    "providerLabel": "ChatGPT Pro",
    "providerType": null,
  },
  "escalated-execution / openai-compatible cloud": {
    "authShape": "real-key",
    "baseURL": "https://api.together.xyz/v1",
    "clientKind": "openai",
    "codexModePresent": false,
    "defaultHeaders": {},
    "enableContextManagement": null,
    "endpointURL": null,
    "maxRetries": null,
    "providerLabel": "Together",
    "providerType": "together",
  },
  "escalated-execution / openrouter connection-BYOK": {
    "authShape": "real-key",
    "baseURL": "https://openrouter.ai/api/v1",
    "clientKind": "openai",
    "codexModePresent": false,
    "defaultHeaders": {},
    "enableContextManagement": null,
    "endpointURL": null,
    "maxRetries": null,
    "providerLabel": "OpenRouter",
    "providerType": "other",
  },
  "escalated-execution / openrouter connection-MANAGED": {
    "authShape": "proxy-sentinel",
    "baseURL": "http://127.0.0.1:48999",
    "clientKind": "anthropic",
    "codexModePresent": false,
    "defaultHeaders": {
      "anthropic-version": "2023-06-01",
      "authorization": "Bearer openrouter-test-token",
      "content-type": "application/json",
      "http-referer": "https://rebel.mindstone.com",
      "x-openrouter-turn": "true",
      "x-title": "Rebel",
    },
    "enableContextManagement": true,
    "endpointURL": null,
    "maxRetries": null,
    "providerLabel": "OpenRouter",
    "providerType": null,
  },
  "execution / anthropic-direct": {
    "authShape": "real-key",
    "baseURL": null,
    "clientKind": "anthropic",
    "codexModePresent": false,
    "defaultHeaders": {},
    "enableContextManagement": true,
    "endpointURL": null,
    "maxRetries": null,
    "providerLabel": null,
    "providerType": null,
  },
  "execution / anthropic-via-proxy turn-router": {
    "authShape": "proxy-sentinel",
    "baseURL": "http://127.0.0.1:48999",
    "clientKind": "anthropic",
    "codexModePresent": false,
    "defaultHeaders": {
      "anthropic-version": "2023-06-01",
      "authorization": "Bearer openrouter-test-token",
      "content-type": "application/json",
      "http-referer": "https://rebel.mindstone.com",
      "x-openrouter-turn": "true",
      "x-title": "Rebel",
    },
    "enableContextManagement": true,
    "endpointURL": null,
    "maxRetries": null,
    "providerLabel": "OpenRouter",
    "providerType": null,
  },
  "execution / route-table-header proxyConfig": {
    "authShape": "proxy-sentinel",
    "baseURL": "http://127.0.0.1:48999",
    "clientKind": "anthropic",
    "codexModePresent": false,
    "defaultHeaders": {
      "anthropic-version": "2023-06-01",
      "content-type": "application/json",
      "x-proxy-auth": "proxy-auth-token",
      "x-routed-model": "claude-sonnet-4-20250514",
      "x-routed-turn-id": "turn-facade-route-table",
    },
    "enableContextManagement": true,
    "endpointURL": null,
    "maxRetries": null,
    "providerLabel": null,
    "providerType": null,
  },
  "overflow-fallback-model / anthropic-via-proxy turn-router": {
    "authShape": "proxy-sentinel",
    "baseURL": "http://127.0.0.1:48999",
    "clientKind": "anthropic",
    "codexModePresent": false,
    "defaultHeaders": {
      "anthropic-version": "2023-06-01",
      "authorization": "Bearer openrouter-test-token",
      "content-type": "application/json",
      "http-referer": "https://rebel.mindstone.com",
      "x-openrouter-turn": "true",
      "x-title": "Rebel",
    },
    "enableContextManagement": true,
    "endpointURL": null,
    "maxRetries": null,
    "providerLabel": "OpenRouter",
    "providerType": null,
  },
  "overflow-fallback-profile / codex-subscription connected": {
    "authShape": "proxy-sentinel",
    "baseURL": "http://127.0.0.1:48999",
    "clientKind": "anthropic",
    "codexModePresent": false,
    "defaultHeaders": {
      "anthropic-version": "2023-06-01",
      "authorization": "Bearer codex-access-token",
      "content-type": "application/json",
      "x-codex-turn": "true",
      "x-route-id": "normal-turn:gpt-5.5",
      "x-route-tag": "rt1.fc696bfb6a7d394acf339c10794dd55c4d670c739a75235970580cc47e2631d6",
      "x-route-wire-model": "gpt-5.5",
    },
    "enableContextManagement": true,
    "endpointURL": null,
    "maxRetries": 0,
    "providerLabel": "ChatGPT Pro",
    "providerType": null,
  },
  "overflow-fallback-profile / google-thought-signatures": {
    "authShape": "real-key",
    "baseURL": "http://127.0.0.1:48999",
    "clientKind": "anthropic",
    "codexModePresent": false,
    "defaultHeaders": {
      "anthropic-version": "2023-06-01",
      "content-type": "application/json",
    },
    "enableContextManagement": true,
    "endpointURL": null,
    "maxRetries": null,
    "providerLabel": null,
    "providerType": null,
  },
  "overflow-fallback-profile / openrouter connection-BYOK": {
    "authShape": "real-key",
    "baseURL": "https://openrouter.ai/api/v1",
    "clientKind": "openai",
    "codexModePresent": false,
    "defaultHeaders": {},
    "enableContextManagement": null,
    "endpointURL": null,
    "maxRetries": null,
    "providerLabel": "OpenRouter",
    "providerType": "other",
  },
  "overflow-fallback-profile / openrouter connection-MANAGED": {
    "authShape": "proxy-sentinel",
    "baseURL": "http://127.0.0.1:48999",
    "clientKind": "anthropic",
    "codexModePresent": false,
    "defaultHeaders": {
      "anthropic-version": "2023-06-01",
      "authorization": "Bearer openrouter-test-token",
      "content-type": "application/json",
      "http-referer": "https://rebel.mindstone.com",
      "x-openrouter-turn": "true",
      "x-title": "Rebel",
    },
    "enableContextManagement": true,
    "endpointURL": null,
    "maxRetries": null,
    "providerLabel": "OpenRouter",
    "providerType": null,
  },
  "planning / anthropic-direct": {
    "authShape": "real-key",
    "baseURL": null,
    "clientKind": "anthropic",
    "codexModePresent": false,
    "defaultHeaders": {},
    "enableContextManagement": true,
    "endpointURL": null,
    "maxRetries": null,
    "providerLabel": null,
    "providerType": null,
  },
  "planning / anthropic-via-proxy turn-router": {
    "authShape": "proxy-sentinel",
    "baseURL": "http://127.0.0.1:48999",
    "clientKind": "anthropic",
    "codexModePresent": false,
    "defaultHeaders": {
      "anthropic-version": "2023-06-01",
      "authorization": "Bearer openrouter-test-token",
      "content-type": "application/json",
      "http-referer": "https://rebel.mindstone.com",
      "x-openrouter-turn": "true",
      "x-title": "Rebel",
    },
    "enableContextManagement": true,
    "endpointURL": null,
    "maxRetries": null,
    "providerLabel": "OpenRouter",
    "providerType": null,
  },
  "preflight-active-profile / codex-subscription connected": {
    "authShape": "proxy-sentinel",
    "baseURL": "http://127.0.0.1:48999",
    "clientKind": "anthropic",
    "codexModePresent": false,
    "defaultHeaders": {
      "anthropic-version": "2023-06-01",
      "authorization": "Bearer codex-access-token",
      "content-type": "application/json",
      "x-codex-turn": "true",
      "x-route-id": "normal-turn:gpt-5.5",
      "x-route-tag": "rt1.fc696bfb6a7d394acf339c10794dd55c4d670c739a75235970580cc47e2631d6",
      "x-route-wire-model": "gpt-5.5",
    },
    "enableContextManagement": true,
    "endpointURL": null,
    "maxRetries": 0,
    "providerLabel": "ChatGPT Pro",
    "providerType": null,
  },
  "preflight-active-profile / openrouter connection-MANAGED": {
    "authShape": "proxy-sentinel",
    "baseURL": "http://127.0.0.1:48999",
    "clientKind": "anthropic",
    "codexModePresent": false,
    "defaultHeaders": {
      "anthropic-version": "2023-06-01",
      "authorization": "Bearer openrouter-test-token",
      "content-type": "application/json",
      "http-referer": "https://rebel.mindstone.com",
      "x-openrouter-turn": "true",
      "x-title": "Rebel",
    },
    "enableContextManagement": true,
    "endpointURL": null,
    "maxRetries": null,
    "providerLabel": "OpenRouter",
    "providerType": null,
  },
  "preflight-bare-claude / direct claude": {
    "authShape": "real-key",
    "baseURL": null,
    "clientKind": "anthropic",
    "codexModePresent": false,
    "defaultHeaders": {},
    "enableContextManagement": true,
    "endpointURL": null,
    "maxRetries": null,
    "providerLabel": null,
    "providerType": null,
  },
  "preflight-planning-fallback / preferred planning model": {
    "authShape": "real-key",
    "baseURL": null,
    "clientKind": "anthropic",
    "codexModePresent": false,
    "defaultHeaders": {},
    "enableContextManagement": true,
    "endpointURL": null,
    "maxRetries": null,
    "providerLabel": null,
    "providerType": null,
  },
  "preflight-thinking-profile / google-thought-signatures": {
    "authShape": "real-key",
    "baseURL": null,
    "clientKind": "anthropic",
    "codexModePresent": false,
    "defaultHeaders": {},
    "enableContextManagement": false,
    "endpointURL": null,
    "maxRetries": null,
    "providerLabel": null,
    "providerType": null,
  },
  "preflight-thinking-profile / openrouter connection-BYOK": {
    "authShape": "real-key",
    "baseURL": "https://openrouter.ai/api/v1",
    "clientKind": "openai",
    "codexModePresent": false,
    "defaultHeaders": {},
    "enableContextManagement": null,
    "endpointURL": null,
    "maxRetries": null,
    "providerLabel": "OpenRouter",
    "providerType": "other",
  },
  "routed-execution / codex-subscription connected": {
    "authShape": "proxy-sentinel",
    "baseURL": "http://127.0.0.1:48999",
    "clientKind": "anthropic",
    "codexModePresent": false,
    "defaultHeaders": {
      "anthropic-version": "2023-06-01",
      "authorization": "Bearer codex-access-token",
      "content-type": "application/json",
      "x-codex-turn": "true",
      "x-route-id": "normal-turn:gpt-5.5",
      "x-route-tag": "rt1.fc696bfb6a7d394acf339c10794dd55c4d670c739a75235970580cc47e2631d6",
      "x-route-wire-model": "gpt-5.5",
    },
    "enableContextManagement": true,
    "endpointURL": null,
    "maxRetries": 0,
    "providerLabel": "ChatGPT Pro",
    "providerType": null,
  },
  "routed-execution / google-thought-signatures": {
    "authShape": "real-key",
    "baseURL": "http://127.0.0.1:48999",
    "clientKind": "anthropic",
    "codexModePresent": false,
    "defaultHeaders": {
      "anthropic-version": "2023-06-01",
      "content-type": "application/json",
    },
    "enableContextManagement": true,
    "endpointURL": null,
    "maxRetries": null,
    "providerLabel": null,
    "providerType": null,
  },
  "routed-execution / openai-compatible cloud": {
    "authShape": "real-key",
    "baseURL": "https://api.together.xyz/v1",
    "clientKind": "openai",
    "codexModePresent": false,
    "defaultHeaders": {},
    "enableContextManagement": null,
    "endpointURL": null,
    "maxRetries": null,
    "providerLabel": "Together",
    "providerType": "together",
  },
  "routed-execution / openai-compatible local": {
    "authShape": "no-key",
    "baseURL": "http://localhost:11434/v1",
    "clientKind": "openai",
    "codexModePresent": false,
    "defaultHeaders": {},
    "enableContextManagement": null,
    "endpointURL": null,
    "maxRetries": null,
    "providerLabel": "Your model provider",
    "providerType": "other",
  },
  "routed-execution / openrouter connection-BYOK": {
    "authShape": "real-key",
    "baseURL": "https://openrouter.ai/api/v1",
    "clientKind": "openai",
    "codexModePresent": false,
    "defaultHeaders": {},
    "enableContextManagement": null,
    "endpointURL": null,
    "maxRetries": null,
    "providerLabel": "OpenRouter",
    "providerType": "other",
  },
  "routed-execution / openrouter connection-MANAGED": {
    "authShape": "proxy-sentinel",
    "baseURL": "http://127.0.0.1:48999",
    "clientKind": "anthropic",
    "codexModePresent": false,
    "defaultHeaders": {
      "anthropic-version": "2023-06-01",
      "authorization": "Bearer openrouter-test-token",
      "content-type": "application/json",
      "http-referer": "https://rebel.mindstone.com",
      "x-openrouter-turn": "true",
      "x-title": "Rebel",
    },
    "enableContextManagement": true,
    "endpointURL": null,
    "maxRetries": null,
    "providerLabel": "OpenRouter",
    "providerType": null,
  },
}
`;
