// Vitest Snapshot v1, https://vitest.dev/guide/snapshot.html

exports[`WS2b getSystemRole — byte-snapshot of the OpenAI role decision (wire path) > decides system vs developer identically for every catalog id/alias/legacyId 1`] = `
{
  "anthropic/claude-5-fable-20260609": "system",
  "anthropic/claude-fable-5": "system",
  "anthropic/claude-haiku-4-5": "system",
  "anthropic/claude-haiku-4.5": "system",
  "anthropic/claude-opus-4-6": "system",
  "anthropic/claude-opus-4-7": "system",
  "anthropic/claude-opus-4-8": "system",
  "anthropic/claude-opus-4.6": "system",
  "anthropic/claude-opus-4.7": "system",
  "anthropic/claude-opus-4.8": "system",
  "anthropic/claude-sonnet-4-6": "system",
  "anthropic/claude-sonnet-4.6": "system",
  "claude-3-5-haiku-20241022": "system",
  "claude-3-5-sonnet-20240620": "system",
  "claude-3-5-sonnet-20241022": "system",
  "claude-3-7-sonnet-20250219": "system",
  "claude-3-haiku-20240307": "system",
  "claude-3-opus-20240229": "system",
  "claude-fable-5": "system",
  "claude-haiku-3": "system",
  "claude-haiku-3-5": "system",
  "claude-haiku-4-5": "system",
  "claude-haiku-4-5-20241022": "system",
  "claude-haiku-4-5-20251001": "system",
  "claude-opus-3": "system",
  "claude-opus-4": "system",
  "claude-opus-4-1": "system",
  "claude-opus-4-1-20250805": "system",
  "claude-opus-4-20250514": "system",
  "claude-opus-4-5": "system",
  "claude-opus-4-5-20250219": "system",
  "claude-opus-4-5-20251101": "system",
  "claude-opus-4-6": "system",
  "claude-opus-4-6-20260205": "system",
  "claude-opus-4-7": "system",
  "claude-opus-4-8": "system",
  "claude-opus-4.6": "system",
  "claude-opus-4.7": "system",
  "claude-opus-4.8": "system",
  "claude-sonnet-3-7": "system",
  "claude-sonnet-3-7-20250219": "system",
  "claude-sonnet-4": "system",
  "claude-sonnet-4-20250514": "system",
  "claude-sonnet-4-5": "system",
  "claude-sonnet-4-5-20241022": "system",
  "claude-sonnet-4-5-20250929": "system",
  "claude-sonnet-4-6": "system",
  "command-a-03-2025": "system",
  "deepseek-ai/deepseek-v3.2": "system",
  "deepseek-ai/deepseek-v4-pro": "system",
  "deepseek-chat": "system",
  "deepseek-r1": "system",
  "deepseek-reasoner": "system",
  "deepseek-v3": "system",
  "deepseek-v4-flash": "system",
  "deepseek/deepseek-chat-v3-0324": "system",
  "deepseek/deepseek-r1": "system",
  "deepseek/deepseek-r1-0528": "system",
  "deepseek/deepseek-v3.2": "system",
  "deepseek/deepseek-v4-flash": "system",
  "deepseek/deepseek-v4-pro": "system",
  "gemini-2.0-flash": "system",
  "gemini-2.0-flash-exp": "system",
  "gemini-2.5-flash": "system",
  "gemini-2.5-flash-lite": "system",
  "gemini-2.5-flash-lite-preview-09-2025": "system",
  "gemini-2.5-flash-preview-05-20": "system",
  "gemini-2.5-pro": "system",
  "gemini-2.5-pro-preview-05-06": "system",
  "gemini-3-flash": "system",
  "gemini-3-flash-preview": "system",
  "gemini-3-pro-preview": "system",
  "gemini-3.1-flash-lite": "system",
  "gemini-3.1-flash-lite-preview": "system",
  "gemini-3.1-flash-preview": "system",
  "gemini-3.1-pro": "system",
  "gemini-3.1-pro-preview": "system",
  "gemini-3.1-pro-preview-customtools": "system",
  "google/gemini-2.5-flash": "system",
  "google/gemini-2.5-flash-lite": "system",
  "google/gemini-2.5-pro": "system",
  "google/gemini-3-flash-preview": "system",
  "google/gemini-3.1-flash-lite-preview": "system",
  "google/gemini-3.1-pro-preview": "system",
  "gpt-4.1": "system",
  "gpt-4.1-mini": "system",
  "gpt-4.1-nano": "system",
  "gpt-4o": "system",
  "gpt-4o-2024-08-06": "system",
  "gpt-4o-mini": "system",
  "gpt-4o-mini-2024-07-18": "system",
  "gpt-5": "developer",
  "gpt-5-mini": "developer",
  "gpt-5-nano": "developer",
  "gpt-5.1": "developer",
  "gpt-5.2": "developer",
  "gpt-5.2-codex": "developer",
  "gpt-5.2-pro": "developer",
  "gpt-5.3-chat-latest": "developer",
  "gpt-5.3-codex": "developer",
  "gpt-5.4": "developer",
  "gpt-5.4-codex": "developer",
  "gpt-5.4-mini": "developer",
  "gpt-5.4-nano": "developer",
  "gpt-5.4-pro": "developer",
  "gpt-5.5": "developer",
  "gpt-5.5-pro": "developer",
  "gpt-oss-120b": "system",
  "grok-3": "system",
  "grok-3-fast": "system",
  "grok-3-mini": "system",
  "llama-3.3-70b": "system",
  "llama3.1-8b": "system",
  "minimax/minimax-m2.5": "system",
  "minimax/minimax-m2.7": "system",
  "minimax/minimax-m3": "system",
  "moonshotai/kimi-k2.5": "system",
  "moonshotai/kimi-k2.6": "system",
  "o1": "developer",
  "o1-2024-12-17": "developer",
  "o1-mini": "developer",
  "o1-mini-2024-09-12": "developer",
  "o1-pro": "developer",
  "o3": "developer",
  "o3-2025-04-16": "developer",
  "o3-mini": "developer",
  "o3-mini-2025-01-31": "developer",
  "o3-pro": "developer",
  "o4-mini": "developer",
  "o4-mini-2025-04-16": "developer",
  "openai/gpt-4.1": "system",
  "openai/gpt-4.1-mini": "system",
  "openai/gpt-4.1-nano": "system",
  "openai/gpt-5": "system",
  "openai/gpt-5-mini": "system",
  "openai/gpt-5-nano": "system",
  "openai/gpt-5.1": "system",
  "openai/gpt-5.2": "system",
  "openai/gpt-5.3-codex": "system",
  "openai/gpt-5.4": "system",
  "openai/gpt-5.4-mini": "system",
  "openai/gpt-5.4-nano": "system",
  "openai/gpt-5.5": "system",
  "openai/gpt-5.5-pro": "system",
  "openai/o3": "system",
  "openai/o3-pro": "system",
  "openai/o4-mini": "system",
  "qwen-3-32b": "system",
  "x-ai/grok-3": "system",
  "x-ai/grok-3-mini": "system",
  "x-ai/grok-4.1-fast": "system",
  "x-ai/grok-4.20": "system",
  "z-ai/glm-4.7": "system",
  "z-ai/glm-4.7-flash": "system",
  "z-ai/glm-5": "system",
  "z-ai/glm-5-turbo": "system",
  "z-ai/glm-5.1": "system",
  "z-ai/glm-5.2": "system",
  "z-ai/glm-5.2-20260616": "system",
}
`;
